DEXTER_ROLL {"s":"MES","d":"2019-06-21 00:00","o":"MES21M19","n":"MES20U19","dte":0,"po":2948.0,"pn":2951.75,"vs":0.946,"gap":3.75,"gp":0.1272,"ar":0.0088}
DEXTER_ROLL {"s":"MNQ","d":"2019-06-21 00:00","o":"MNQ21M19","n":"MNQ20U19","dte":0,"po":7722.375,"pn":7742.5,"vs":0.917,"gap":20.125,"gp":0.2606,"ar":-0.0799}
DEXTER_ROLL {"s":"M2K","d":"2019-06-21 00:00","o":"M2K21M19","n":"M2K20U19","dte":0,"po":1558.5,"pn":1561.55,"vs":0.905,"gap":3.05,"gp":0.1957,"ar":-0.1083}
DEXTER_ROLL {"s":"MYM","d":"2019-06-21 00:00","o":"MYM21M19","n":"MYM20U19","dte":0,"po":26712.0,"pn":26717.0,"vs":0.951,"gap":5.0,"gp":0.0187,"ar":-0.0486}
DEXTER_ROLL {"s":"ZT","d":"2019-08-29 01:00","o":"ZT30U19","n":"ZT31Z19","dte":31,"po":107.832031,"pn":108.09375,"vs":0.296,"gap":0.261719,"gp":0.2427,"ar":0.0}
DEXTER_ROLL {"s":"ZN","d":"2019-08-29 01:00","o":"ZN19U19","n":"ZN19Z19","dte":20,"po":131.453125,"pn":132.109375,"vs":0.263,"gap":0.65625,"gp":0.4992,"ar":0.0}
DEXTER_ROLL {"s":"ZB","d":"2019-08-29 01:00","o":"ZB19U19","n":"ZB19Z19","dte":20,"po":167.125,"pn":166.328125,"vs":0.285,"gap":-0.796875,"gp":-0.4768,"ar":0.0}
DEXTER_ROLL {"s":"ZF","d":"2019-08-29 01:00","o":"ZF30U19","n":"ZF31Z19","dte":31,"po":119.707031,"pn":120.144531,"vs":0.329,"gap":0.4375,"gp":0.3655,"ar":-0.0133}
DEXTER_ROLL {"s":"MES","d":"2019-09-20 00:00","o":"MES20U19","n":"MES20Z19","dte":0,"po":3009.75,"pn":3010.75,"vs":0.926,"gap":1.0,"gp":0.0332,"ar":0.0166}
DEXTER_ROLL {"s":"MNQ","d":"2019-09-20 00:00","o":"MNQ20U19","n":"MNQ20Z19","dte":0,"po":7915.25,"pn":7935.0,"vs":0.924,"gap":19.75,"gp":0.2495,"ar":0.2147}
DEXTER_ROLL {"s":"MYM","d":"2019-09-20 00:00","o":"MYM20U19","n":"MYM20Z19","dte":0,"po":27116.5,"pn":27100.0,"vs":0.911,"gap":-16.5,"gp":-0.0608,"ar":-0.0885}
DEXTER_ROLL {"s":"M2K","d":"2019-09-20 00:00","o":"M2K20U19","n":"M2K20Z19","dte":0,"po":1563.55,"pn":1566.05,"vs":0.89,"gap":2.5,"gp":0.1599,"ar":0.0958}
DEXTER_ROLL {"s":"ZT","d":"2019-11-27 01:00","o":"ZT31Z19","n":"ZT31H20","dte":33,"po":107.613281,"pn":107.824219,"vs":0.355,"gap":0.210938,"gp":0.196,"ar":0.0}
DEXTER_ROLL {"s":"ZF","d":"2019-11-27 01:00","o":"ZF31Z19","n":"ZF31H20","dte":33,"po":118.792969,"pn":119.125,"vs":0.322,"gap":0.332031,"gp":0.2795,"ar":0.2762}
DEXTER_ROLL {"s":"ZN","d":"2019-11-27 01:00","o":"ZN19Z19","n":"ZN20H20","dte":21,"po":129.648438,"pn":129.734375,"vs":0.295,"gap":0.085937,"gp":0.0663,"ar":0.0723}
DEXTER_ROLL {"s":"ZB","d":"2019-11-27 01:00","o":"ZB19Z19","n":"ZB20H20","dte":21,"po":160.5625,"pn":159.78125,"vs":0.305,"gap":-0.78125,"gp":-0.4866,"ar":0.0}
DEXTER_ROLL {"s":"MES","d":"2019-12-20 00:00","o":"MES20Z19","n":"MES20H20","dte":0,"po":3207.75,"pn":3210.75,"vs":0.941,"gap":3.0,"gp":0.0935,"ar":0.0312}
DEXTER_ROLL {"s":"MNQ","d":"2019-12-20 00:00","o":"MNQ20Z19","n":"MNQ20H20","dte":0,"po":8644.75,"pn":8671.75,"vs":0.945,"gap":27.0,"gp":0.3123,"ar":0.292}
DEXTER_ROLL {"s":"M2K","d":"2019-12-20 00:00","o":"M2K20Z19","n":"M2K20H20","dte":0,"po":1668.4,"pn":1672.5,"vs":0.9,"gap":4.1,"gp":0.2457,"ar":0.2157}
DEXTER_ROLL {"s":"MYM","d":"2019-12-20 00:00","o":"MYM20Z19","n":"MYM20H20","dte":0,"po":28396.5,"pn":28397.0,"vs":0.94,"gap":0.5,"gp":0.0018,"ar":-0.007}
DEXTER_ROLL {"s":"ZF","d":"2020-02-26 01:00","o":"ZF31H20","n":"ZF30M20","dte":33,"po":120.96875,"pn":121.429688,"vs":0.264,"gap":0.460938,"gp":0.381,"ar":0.0065}
DEXTER_ROLL {"s":"ZT","d":"2020-02-27 01:00","o":"ZT31H20","n":"ZT30M20","dte":32,"po":108.515625,"pn":108.734375,"vs":0.372,"gap":0.21875,"gp":0.2016,"ar":-0.0036}
DEXTER_ROLL {"s":"ZN","d":"2020-02-27 01:00","o":"ZN20H20","n":"ZN19M20","dte":21,"po":133.390625,"pn":133.273438,"vs":0.273,"gap":-0.117187,"gp":-0.0879,"ar":-0.0117}
DEXTER_ROLL {"s":"ZB","d":"2020-02-27 01:00","o":"ZB20H20","n":"ZB19M20","dte":21,"po":168.15625,"pn":167.140625,"vs":0.288,"gap":-1.015625,"gp":-0.604,"ar":0.0}
DEXTER_ROLL {"s":"MES","d":"2020-03-18 00:00","o":"MES20H20","n":"MES19M20","dte":2,"po":2416.25,"pn":2403.5,"vs":0.855,"gap":-12.75,"gp":-0.5277,"ar":-0.0414}
DEXTER_ROLL {"s":"MNQ","d":"2020-03-20 00:00","o":"MNQ20H20","n":"MNQ19M20","dte":0,"po":7301.75,"pn":7289.25,"vs":0.906,"gap":-12.5,"gp":-0.1712,"ar":-0.1473}
DEXTER_ROLL {"s":"M2K","d":"2020-03-20 00:00","o":"M2K20H20","n":"M2K19M20","dte":0,"po":1040.35,"pn":1029.9,"vs":0.932,"gap":-10.45,"gp":-1.0045,"ar":-0.4928}
DEXTER_ROLL {"s":"MYM","d":"2020-03-20 00:00","o":"MYM20H20","n":"MYM19M20","dte":0,"po":19878.0,"pn":19748.0,"vs":0.883,"gap":-130.0,"gp":-0.654,"ar":-0.649}
DEXTER_ROLL {"s":"ZF","d":"2020-05-28 01:00","o":"ZF30M20","n":"ZF30U20","dte":32,"po":125.574219,"pn":125.390625,"vs":0.351,"gap":-0.183594,"gp":-0.1462,"ar":-0.1493}
DEXTER_ROLL {"s":"ZN","d":"2020-05-28 01:00","o":"ZN19M20","n":"ZN21U20","dte":21,"po":139.015625,"pn":138.734375,"vs":0.3,"gap":-0.28125,"gp":-0.2023,"ar":-0.0112}
DEXTER_ROLL {"s":"ZB","d":"2020-05-28 01:00","o":"ZB19M20","n":"ZB21U20","dte":21,"po":179.140625,"pn":177.5625,"vs":0.314,"gap":-1.578125,"gp":-0.8809,"ar":-0.8896}
DEXTER_ROLL {"s":"ZT","d":"2020-05-28 01:00","o":"ZT30M20","n":"ZT30U20","dte":32,"po":110.232422,"pn":110.369141,"vs":0.317,"gap":0.136719,"gp":0.124,"ar":0.0035}
DEXTER_ROLL {"s":"MES","d":"2020-06-19 00:00","o":"MES19M20","n":"MES18U20","dte":0,"po":3116.25,"pn":3105.5,"vs":0.867,"gap":-10.75,"gp":-0.345,"ar":-0.016}
DEXTER_ROLL {"s":"MNQ","d":"2020-06-19 00:00","o":"MNQ19M20","n":"MNQ18U20","dte":0,"po":10023.25,"pn":10009.0,"vs":0.896,"gap":-14.25,"gp":-0.1422,"ar":-0.1472}
DEXTER_ROLL {"s":"M2K","d":"2020-06-19 00:00","o":"M2K19M20","n":"M2K18U20","dte":0,"po":1426.1,"pn":1422.7,"vs":0.864,"gap":-3.4,"gp":-0.2384,"ar":-0.2384}
DEXTER_ROLL {"s":"MYM","d":"2020-06-19 00:00","o":"MYM19M20","n":"MYM18U20","dte":0,"po":26101.0,"pn":25973.0,"vs":0.869,"gap":-128.0,"gp":-0.4904,"ar":-0.4561}
DEXTER_ROLL {"s":"ZB","d":"2020-08-27 01:00","o":"ZB21U20","n":"ZB21Z20","dte":24,"po":178.265625,"pn":176.59375,"vs":0.176,"gap":-1.671875,"gp":-0.9379,"ar":-0.9292}
DEXTER_ROLL {"s":"ZF","d":"2020-08-28 01:00","o":"ZF30U20","n":"ZF31Z20","dte":32,"po":125.648438,"pn":125.75,"vs":0.309,"gap":0.101562,"gp":0.0808,"ar":0.0}
DEXTER_ROLL {"s":"ZN","d":"2020-08-28 01:00","o":"ZN21U20","n":"ZN21Z20","dte":23,"po":138.859375,"pn":138.703125,"vs":0.28,"gap":-0.15625,"gp":-0.1125,"ar":0.0}
DEXTER_ROLL {"s":"ZT","d":"2020-08-28 01:00","o":"ZT30U20","n":"ZT31Z20","dte":32,"po":110.376953,"pn":110.408203,"vs":0.233,"gap":0.03125,"gp":0.0283,"ar":-0.0035}
DEXTER_ROLL {"s":"MES","d":"2020-09-18 00:00","o":"MES18U20","n":"MES18Z20","dte":0,"po":3354.25,"pn":3343.75,"vs":0.903,"gap":-10.5,"gp":-0.313,"ar":-0.0149}
DEXTER_ROLL {"s":"MNQ","d":"2020-09-18 00:00","o":"MNQ18U20","n":"MNQ18Z20","dte":0,"po":11095.0,"pn":11076.25,"vs":0.832,"gap":-18.75,"gp":-0.169,"ar":0.0248}
DEXTER_ROLL {"s":"M2K","d":"2020-09-18 00:00","o":"M2K18U20","n":"M2K18Z20","dte":0,"po":1540.1,"pn":1534.8,"vs":0.925,"gap":-5.3,"gp":-0.3441,"ar":0.0065}
DEXTER_ROLL {"s":"MYM","d":"2020-09-18 00:00","o":"MYM18U20","n":"MYM18Z20","dte":0,"po":27856.5,"pn":27739.0,"vs":0.889,"gap":-117.5,"gp":-0.4218,"ar":-0.4164}
DEXTER_ROLL {"s":"ZF","d":"2020-11-27 01:00","o":"ZF31Z20","n":"ZF31H21","dte":33,"po":125.574219,"pn":125.894531,"vs":0.349,"gap":0.320312,"gp":0.2551,"ar":0.0558}
DEXTER_ROLL {"s":"ZN","d":"2020-11-27 01:00","o":"ZN21Z20","n":"ZN22H21","dte":23,"po":138.34375,"pn":137.96875,"vs":0.288,"gap":-0.375,"gp":-0.2711,"ar":0.0908}
DEXTER_ROLL {"s":"ZB","d":"2020-11-27 01:00","o":"ZB21Z20","n":"ZB22H21","dte":23,"po":173.125,"pn":174.21875,"vs":0.317,"gap":1.09375,"gp":0.6318,"ar":0.2682}
DEXTER_ROLL {"s":"ZT","d":"2020-11-27 01:00","o":"ZT31Z20","n":"ZT31H21","dte":33,"po":110.404297,"pn":110.396484,"vs":0.344,"gap":-0.007813,"gp":-0.0071,"ar":0.0106}
DEXTER_ROLL {"s":"MES","d":"2020-12-18 00:00","o":"MES18Z20","n":"MES19H21","dte":0,"po":3713.25,"pn":3704.75,"vs":0.884,"gap":-8.5,"gp":-0.2289,"ar":-0.2356}
DEXTER_ROLL {"s":"MNQ","d":"2020-12-18 00:00","o":"MNQ18Z20","n":"MNQ19H21","dte":0,"po":12728.25,"pn":12726.0,"vs":0.837,"gap":-2.25,"gp":-0.0177,"ar":-0.002}
DEXTER_ROLL {"s":"M2K","d":"2020-12-18 00:00","o":"M2K18Z20","n":"M2K19H21","dte":0,"po":1975.0,"pn":1971.8,"vs":0.874,"gap":-3.2,"gp":-0.162,"ar":-0.1519}
DEXTER_ROLL {"s":"MYM","d":"2020-12-18 00:00","o":"MYM18Z20","n":"MYM19H21","dte":0,"po":30216.0,"pn":30112.0,"vs":0.853,"gap":-104.0,"gp":-0.3442,"ar":0.0}
DEXTER_ROLL {"s":"ZT","d":"2021-02-25 01:00","o":"ZT31H21","n":"ZT30M21","dte":33,"po":110.462891,"pn":110.445312,"vs":0.332,"gap":-0.017579,"gp":-0.0159,"ar":-0.0177}
DEXTER_ROLL {"s":"ZN","d":"2021-02-25 01:00","o":"ZN22H21","n":"ZN21M21","dte":24,"po":135.085938,"pn":134.0,"vs":0.244,"gap":-1.085938,"gp":-0.8039,"ar":-0.7981}
DEXTER_ROLL {"s":"ZB","d":"2021-02-25 01:00","o":"ZB22H21","n":"ZB21M21","dte":24,"po":161.09375,"pn":159.546875,"vs":0.226,"gap":-1.546875,"gp":-0.9602,"ar":0.0}
DEXTER_ROLL {"s":"ZF","d":"2021-02-25 01:00","o":"ZF31H21","n":"ZF30M21","dte":33,"po":125.175781,"pn":124.792969,"vs":0.264,"gap":-0.382812,"gp":-0.3058,"ar":-0.0127}
